{
  "version": "1.5.0",
  "plugins_used": [
    {
      "name": "ArtifactoryDetector"
    },
    {
      "name": "AWSKeyDetector"
    },
    {
      "name": "AzureStorageKeyDetector"
    },
    {
      "name": "Base64HighEntropyString",
      "limit": 4.5
    },
    {
      "name": "BasicAuthDetector"
    },
    {
      "name": "CloudantDetector"
    },
    {
      "name": "DiscordBotTokenDetector"
    },
    {
      "name": "GitHubTokenDetector"
    },
    {
      "name": "GitLabTokenDetector"
    },
    {
      "name": "HexHighEntropyString",
      "limit": 3.0
    },
    {
      "name": "IbmCloudIamDetector"
    },
    {
      "name": "IbmCosHmacDetector"
    },
    {
      "name": "IPPublicDetector"
    },
    {
      "name": "JwtTokenDetector"
    },
    {
      "name": "KeywordDetector",
      "keyword_exclude": ""
    },
    {
      "name": "MailchimpDetector"
    },
    {
      "name": "NpmDetector"
    },
    {
      "name": "OpenAIDetector"
    },
    {
      "name": "PrivateKeyDetector"
    },
    {
      "name": "PypiTokenDetector"
    },
    {
      "name": "SendGridDetector"
    },
    {
      "name": "SlackDetector"
    },
    {
      "name": "SoftlayerDetector"
    },
    {
      "name": "SquareOAuthDetector"
    },
    {
      "name": "StripeDetector"
    },
    {
      "name": "TelegramBotTokenDetector"
    },
    {
      "name": "TwilioKeyDetector"
    }
  ],
  "filters_used": [
    {
      "path": "detect_secrets.filters.allowlist.is_line_allowlisted"
    },
    {
      "path": "detect_secrets.filters.common.is_baseline_file",
      "filename": ".secrets.baseline"
    },
    {
      "path": "detect_secrets.filters.common.is_ignored_due_to_verification_policies",
      "min_level": 2
    },
    {
      "path": "detect_secrets.filters.heuristic.is_indirect_reference"
    },
    {
      "path": "detect_secrets.filters.heuristic.is_likely_id_string"
    },
    {
      "path": "detect_secrets.filters.heuristic.is_lock_file"
    },
    {
      "path": "detect_secrets.filters.heuristic.is_not_alphanumeric_string"
    },
    {
      "path": "detect_secrets.filters.heuristic.is_potential_uuid"
    },
    {
      "path": "detect_secrets.filters.heuristic.is_prefixed_with_dollar_sign"
    },
    {
      "path": "detect_secrets.filters.heuristic.is_sequential_string"
    },
    {
      "path": "detect_secrets.filters.heuristic.is_swagger_file"
    },
    {
      "path": "detect_secrets.filters.heuristic.is_templated_secret"
    }
  ],
  "results": {
    "AI-Projects/Universal AI Tools.app/Contents/Resources/.env.example": [
      {
        "type": "Basic Auth Credentials",
        "filename": "AI-Projects/Universal AI Tools.app/Contents/Resources/.env.example",
        "hashed_secret": "632d8eb9ee5be70b5448c03a10544b62f577ad60",
        "is_verified": false,
        "line_number": 6
      }
    ],
    "AI-Projects/Universal AI Tools.app/Contents/Resources/Dockerfile.intelligent-librarian": [
      {
        "type": "Basic Auth Credentials",
        "filename": "AI-Projects/Universal AI Tools.app/Contents/Resources/Dockerfile.intelligent-librarian",
        "hashed_secret": "5baa61e4c9b93f3f0682250b6cf8331b7ee68fd8",
        "is_verified": false,
        "line_number": 67
      }
    ],
    "AI-Projects/Universal AI Tools.app/Contents/Resources/PACKAGING_GUIDE.md": [
      {
        "type": "Basic Auth Credentials",
        "filename": "AI-Projects/Universal AI Tools.app/Contents/Resources/PACKAGING_GUIDE.md",
        "hashed_secret": "5baa61e4c9b93f3f0682250b6cf8331b7ee68fd8",
        "is_verified": false,
        "line_number": 50
      }
    ],
    "AI-Projects/Universal AI Tools.app/Contents/Resources/install.sh": [
      {
        "type": "Basic Auth Credentials",
        "filename": "AI-Projects/Universal AI Tools.app/Contents/Resources/install.sh",
        "hashed_secret": "5baa61e4c9b93f3f0682250b6cf8331b7ee68fd8",
        "is_verified": false,
        "line_number": 326
      }
    ],
    "ATHENA_LEARNING_LOOP_COMPLETE.md": [
      {
        "type": "Basic Auth Credentials",
        "filename": "ATHENA_LEARNING_LOOP_COMPLETE.md",
        "hashed_secret": "afc848c316af1a89d49826c5ae9d00ed769415f3",
        "is_verified": false,
        "line_number": 203
      }
    ],
    "AUTOPILOT_COMPLETE.md": [
      {
        "type": "Basic Auth Credentials",
        "filename": "AUTOPILOT_COMPLETE.md",
        "hashed_secret": "6745faafad9f0583c626e21338da8227399efd34",
        "is_verified": false,
        "line_number": 155
      }
    ],
    "EVOLUTION_SYSTEM_COMPLETE.md": [
      {
        "type": "Basic Auth Credentials",
        "filename": "EVOLUTION_SYSTEM_COMPLETE.md",
        "hashed_secret": "6745faafad9f0583c626e21338da8227399efd34",
        "is_verified": false,
        "line_number": 153
      }
    ],
    "FASTVLM_COMPLETE_SUMMARY.md": [
      {
        "type": "Basic Auth Credentials",
        "filename": "FASTVLM_COMPLETE_SUMMARY.md",
        "hashed_secret": "afc848c316af1a89d49826c5ae9d00ed769415f3",
        "is_verified": false,
        "line_number": 281
      }
    ],
    "GRADING_SYSTEM_REFINED.md": [
      {
        "type": "Basic Auth Credentials",
        "filename": "GRADING_SYSTEM_REFINED.md",
        "hashed_secret": "afc848c316af1a89d49826c5ae9d00ed769415f3",
        "is_verified": false,
        "line_number": 211
      }
    ],
    "MONITORING_DROPIN_COMPLETE.md": [
      {
        "type": "Basic Auth Credentials",
        "filename": "MONITORING_DROPIN_COMPLETE.md",
        "hashed_secret": "9d4e1e23bd5b727046a9e3b4b7db57bd8d6ee684",
        "is_verified": false,
        "line_number": 52
      },
      {
        "type": "Secret Keyword",
        "filename": "MONITORING_DROPIN_COMPLETE.md",
        "hashed_secret": "7f0bf27f008adaf82c05a2ab4dbd2c2338630dcc",
        "is_verified": false,
        "line_number": 123
      }
    ],
    "MONITORING_MISSION_COMPLETE.md": [
      {
        "type": "Basic Auth Credentials",
        "filename": "MONITORING_MISSION_COMPLETE.md",
        "hashed_secret": "afc848c316af1a89d49826c5ae9d00ed769415f3",
        "is_verified": false,
        "line_number": 40
      }
    ],
    "MONITORING_SETUP.md": [
      {
        "type": "Basic Auth Credentials",
        "filename": "MONITORING_SETUP.md",
        "hashed_secret": "9d4e1e23bd5b727046a9e3b4b7db57bd8d6ee684",
        "is_verified": false,
        "line_number": 30
      },
      {
        "type": "Secret Keyword",
        "filename": "MONITORING_SETUP.md",
        "hashed_secret": "11fa7c37d697f30e6aee828b4426a10f83ab2380",
        "is_verified": false,
        "line_number": 37
      }
    ],
    "Makefile": [
      {
        "type": "Basic Auth Credentials",
        "filename": "Makefile",
        "hashed_secret": "afc848c316af1a89d49826c5ae9d00ed769415f3",
        "is_verified": false,
        "line_number": 885
      }
    ],
    "QUICK_START_MONITORING.md": [
      {
        "type": "Basic Auth Credentials",
        "filename": "QUICK_START_MONITORING.md",
        "hashed_secret": "9d4e1e23bd5b727046a9e3b4b7db57bd8d6ee684",
        "is_verified": false,
        "line_number": 33
      },
      {
        "type": "Secret Keyword",
        "filename": "QUICK_START_MONITORING.md",
        "hashed_secret": "a3e14ca24483c78554c083bc907c7194c7846ef1",
        "is_verified": false,
        "line_number": 52
      }
    ],
    "TRACK_3_SELF_IMPROVEMENT_COMPLETE.md": [
      {
        "type": "Basic Auth Credentials",
        "filename": "TRACK_3_SELF_IMPROVEMENT_COMPLETE.md",
        "hashed_secret": "afc848c316af1a89d49826c5ae9d00ed769415f3",
        "is_verified": false,
        "line_number": 97
      }
    ],
    "VERIFICATION_CHECKLIST.md": [
      {
        "type": "Basic Auth Credentials",
        "filename": "VERIFICATION_CHECKLIST.md",
        "hashed_secret": "9d4e1e23bd5b727046a9e3b4b7db57bd8d6ee684",
        "is_verified": false,
        "line_number": 33
      },
      {
        "type": "Secret Keyword",
        "filename": "VERIFICATION_CHECKLIST.md",
        "hashed_secret": "a3e14ca24483c78554c083bc907c7194c7846ef1",
        "is_verified": false,
        "line_number": 65
      }
    ],
    "VERIFICATION_COMPLETE.md": [
      {
        "type": "Basic Auth Credentials",
        "filename": "VERIFICATION_COMPLETE.md",
        "hashed_secret": "afc848c316af1a89d49826c5ae9d00ed769415f3",
        "is_verified": false,
        "line_number": 184
      }
    ],
    "fastvlm/env.template": [
      {
        "type": "Basic Auth Credentials",
        "filename": "fastvlm/env.template",
        "hashed_secret": "afc848c316af1a89d49826c5ae9d00ed769415f3",
        "is_verified": false,
        "line_number": 17
      }
    ],
    "scripts/learn/learn_daemon.py": [
      {
        "type": "Basic Auth Credentials",
        "filename": "scripts/learn/learn_daemon.py",
        "hashed_secret": "afc848c316af1a89d49826c5ae9d00ed769415f3",
        "is_verified": false,
        "line_number": 20
      }
    ],
    "scripts/learn/outcome_logger.py": [
      {
        "type": "Basic Auth Credentials",
        "filename": "scripts/learn/outcome_logger.py",
        "hashed_secret": "afc848c316af1a89d49826c5ae9d00ed769415f3",
        "is_verified": false,
        "line_number": 32
      }
    ],
    "scripts/learn/verify_learning.sh": [
      {
        "type": "Basic Auth Credentials",
        "filename": "scripts/learn/verify_learning.sh",
        "hashed_secret": "afc848c316af1a89d49826c5ae9d00ed769415f3",
        "is_verified": false,
        "line_number": 13
      }
    ]
  },
  "generated_at": "2025-10-12T18:38:41Z"
}
