[0;35mGAP ANALYSIS EXECUTION[0m
[0;35m================================================================================[0m
[0;34m[INFO][0m Reading audit results from stdin...
[0;34m[INFO][0m Running comprehensive gap analysis...
================================================================================
SELF-LEARNING CAPABILITY GAP ANALYSIS REPORT
================================================================================

📊 SUMMARY
----------------------------------------
Implemented Capabilities: 0
Identified Gaps: 14
Audit Confidence Score: 0%

✅ IMPLEMENTED CAPABILITIES
----------------------------------------
❌ IDENTIFIED GAPS
----------------------------------------
🔴 PRIORITY 9/10: governance_drift_detection
   Description: Automatic detection and correction of governance policy drift
   Complexity: high
   Expected Impact: Critical - Prevents governance failures

🔴 PRIORITY 8/10: retrieval_filter_learning
   Description: Adaptive filtering of retrieved documents based on quality patterns
   Complexity: medium
   Expected Impact: High - Improved retrieval quality and reduced noise

🔴 PRIORITY 7/10: latency_adaptive_routing
   Description: Dynamic routing based on predicted latency vs quality tradeoffs
   Complexity: low
   Expected Impact: Medium - Better latency vs quality tradeoffs

🔴 PRIORITY 6/10: privacy_budget_optimization
   Description: Dynamic optimization of differential privacy parameters
   Complexity: high
   Expected Impact: Medium - Better privacy-utility balance

🔴 PRIORITY 5/10: neural_context_encoder
   Description: Neural network for query intent and context analysis
   Complexity: medium
   Expected Impact: Medium impact on system performance

🔴 PRIORITY 5/10: hierarchical_bandit
   Description: Multi-level bandit for strategy and variant selection
   Complexity: medium
   Expected Impact: Medium impact on system performance

🔴 PRIORITY 5/10: reward_shaper
   Description: Adaptive reward signal blending and calibration
   Complexity: medium
   Expected Impact: Medium impact on system performance

🔴 PRIORITY 5/10: rag_reranker
   Description: Adaptive document reranking with threshold tuning
   Complexity: medium
   Expected Impact: Medium impact on system performance

🔴 PRIORITY 5/10: personalization_engine
   Description: User-adaptive retrieval and tone optimization
   Complexity: medium
   Expected Impact: Medium impact on system performance

🔴 PRIORITY 5/10: federated_context_encoder
   Description: Privacy-preserving neural model training across deployments
   Complexity: medium
   Expected Impact: Medium impact on system performance

🔴 PRIORITY 5/10: adaptive_federated_scheduling
   Description: Economic optimization of federated participation
   Complexity: medium
   Expected Impact: Medium impact on system performance

🔴 PRIORITY 5/10: automated_strategy_generation
   Description: Evolutionary algorithm for creating new optimization strategies
   Complexity: medium
   Expected Impact: Medium impact on system performance

🔴 PRIORITY 5/10: constitutional_weighting
   Description: Adaptive governance priority adjustment based on system state
   Complexity: medium
   Expected Impact: Medium impact on system performance

🔴 PRIORITY 5/10: multi_modal_adaptation
   Description: Adaptive handling of different content types and modalities
   Complexity: high
   Expected Impact: Low - Enhanced multi-modal handling

🎯 ACTION PLAN
----------------------------------------
🚨 HIGH PRIORITY (Immediate - Next Sprint):
   • governance_drift_detection - Critical - Prevents governance failures
   • retrieval_filter_learning - High - Improved retrieval quality and reduced noise

⚠️ MEDIUM PRIORITY (Next Month):
   • latency_adaptive_routing - Medium - Better latency vs quality tradeoffs
   • privacy_budget_optimization - Medium - Better privacy-utility balance
   • neural_context_encoder - Medium impact on system performance
   • hierarchical_bandit - Medium impact on system performance
   • reward_shaper - Medium impact on system performance
   • rag_reranker - Medium impact on system performance
   • personalization_engine - Medium impact on system performance
   • federated_context_encoder - Medium impact on system performance
   • adaptive_federated_scheduling - Medium impact on system performance
   • automated_strategy_generation - Medium impact on system performance
   • constitutional_weighting - Medium impact on system performance
   • multi_modal_adaptation - Low - Enhanced multi-modal handling

💡 IMPLEMENTATION RECOMMENDATIONS
----------------------------------------
1. Start with governance_drift_detection - highest safety impact
2. Add retrieval_filter_learning - direct quality improvement
3. Implement latency_adaptive_routing - performance optimization
4. Consider privacy_budget_optimization for compliance
5. Evaluate multi_modal_adaptation based on use cases

Each implementation should include:
• Mathematical validation (like existing capabilities)
• Governance constraints and safety bounds
• Automated testing and rollback mechanisms
• Performance monitoring and alerting

⚠️  Found 2 high-priority gaps requiring immediate attention
[0;31m[ERROR][0m Gap analysis failed with exit code 1
[1;33m[WARNING][0m Critical gaps detected - review the analysis above
